302 https://plato.kalpkan.com/review 1.748529 | dl 200 text/calendar; charset=utf-8 | 2025F---MATH-4121A-9021A---Topology_red.pdf
302 https://plato.kalpkan.com/review 2.657789 | dl 200 text/calendar; charset=utf-8 | 2181A001002003.pdf
302 https://plato.kalpkan.com/review 3.555898 | dl 200 text/calendar; charset=utf-8 | 2213A_2022.pdf
302 https://plato.kalpkan.com/review 2.577590 | dl 200 text/calendar; charset=utf-8 | 2223.pdf
000  0.000000 | dl 302 text/html; charset=utf-8 | 2227A,001,002,003 Jean F25.pdf
302 https://plato.kalpkan.com/review 2.558672 | dl 200 text/calendar; charset=utf-8 | 2242A001.pdf
302 https://plato.kalpkan.com/review 2.583659 | dl 200 text/calendar; charset=utf-8 | 2277A001002.pdf
302 https://plato.kalpkan.com/review 2.975883 | dl 200 text/calendar; charset=utf-8 | 3300B_W25_Syllabus_revised.pdf
302 https://plato.kalpkan.com/review 2.454305 | dl 200 text/calendar; charset=utf-8 | 3311A001.pdf
302 https://plato.kalpkan.com/review 2.392416 | dl 200 text/calendar; charset=utf-8 | 3313A001002003.pdf
302 https://plato.kalpkan.com/review 2.141144 | dl 200 text/calendar; charset=utf-8 | AM2402a_outline_2025_red.pdf
302 https://plato.kalpkan.com/review 2.084242 | dl 200 text/calendar; charset=utf-8 | AM3615B_9576B_outline_red.pdf
302 https://plato.kalpkan.com/review 2.646877 | dl 200 text/calendar; charset=utf-8 | AM3813B-AM9524B-2025_red.pdf
302 https://plato.kalpkan.com/review 3.727231 | dl 200 text/calendar; charset=utf-8 | ANATCELL 3309 Syllabus FW25-26.pdf
302 https://plato.kalpkan.com/review 2.518569 | dl 200 text/calendar; charset=utf-8 | B2382 Course Outline 2025.pdf
302 https://plato.kalpkan.com/review 2.675531 | dl 200 text/calendar; charset=utf-8 | B2483A.pdf
302 https://plato.kalpkan.com/review 2.642957 | dl 200 text/calendar; charset=utf-8 | B3415G Course Outline 2025.pdf
302 https://plato.kalpkan.com/review 1.556251 | dl 200 text/calendar; charset=utf-8 | B3603A.pdf
302 https://plato.kalpkan.com/review 6.125488 | dl 200 text/calendar; charset=utf-8 | BIOCHEM 3381A Course Outline Fall 2025.pdf
302 https://plato.kalpkan.com/review 4.097883 | dl 200 text/calendar; charset=utf-8 | BMSUE Syllabus Phys3140A Fall 2025 Sept3.pdf
302 https://plato.kalpkan.com/review 2.991802 | dl 200 text/calendar; charset=utf-8 | Calc1301BFW25_red.pdf
302 https://plato.kalpkan.com/review 1.795162 | dl 200 text/calendar; charset=utf-8 | CS_2209A_FW25.pdf
302 https://plato.kalpkan.com/review 3.057857 | dl 200 text/calendar; charset=utf-8 | CS_2211A_FW25.pdf
302 https://plato.kalpkan.com/review 1.861732 | dl 200 text/calendar; charset=utf-8 | CS_3342A_FW25.pdf
302 https://plato.kalpkan.com/review 2.056003 | dl 200 text/calendar; charset=utf-8 | CS_4411A_9538A_FW25.pdf
302 https://plato.kalpkan.com/review 1.323261 | dl 200 text/calendar; charset=utf-8 | CS1000-001 Course Outline 25-26.pdf
302 https://plato.kalpkan.com/review 2.440035 | dl 200 text/calendar; charset=utf-8 | CS2301B Course Outline 25-26.pdf
302 https://plato.kalpkan.com/review 1.987923 | dl 200 text/calendar; charset=utf-8 | ECE-2240A_Fall-2025-Website-Version.pdf
302 https://plato.kalpkan.com/review 1.895521 | dl 200 text/calendar; charset=utf-8 | ECE-4429_Fall-2025-Website-Version.pdf
302 https://plato.kalpkan.com/review 3.126078 | dl 200 text/calendar; charset=utf-8 | FHS Course Outline 2000.pdf
302 https://plato.kalpkan.com/review 5.335137 | dl 200 text/calendar; charset=utf-8 | HS-2250A-Introduction-to-Health-Promotion1.pdf
302 https://plato.kalpkan.com/review 2.094777 | dl 200 text/calendar; charset=utf-8 | HS-2610G-Introduction-to-Ethics-and-Health.pdf
302 https://plato.kalpkan.com/review 2.540715 | dl 200 text/calendar; charset=utf-8 | HS-2800-Research-Methods.pdf
302 https://plato.kalpkan.com/review 3.223617 | dl 200 text/calendar; charset=utf-8 | HS-3250F-Global-Health-Promotion.pdf
302 https://plato.kalpkan.com/review 2.287365 | dl 200 text/calendar; charset=utf-8 | Math-1228---Fall-2025_red.pdf
302 https://plato.kalpkan.com/review 1.943745 | dl 200 text/calendar; charset=utf-8 | MSE-2201_Fall-2025-Website-Version.pdf
302 https://plato.kalpkan.com/review 1.829598 | dl 200 text/calendar; charset=utf-8 | MSE-2214_Fall-2025-Website-Version.pdf
302 https://plato.kalpkan.com/review 1.783797 | dl 200 text/calendar; charset=utf-8 | outline26.pdf
302 https://plato.kalpkan.com/review 4.476210 | dl 200 text/calendar; charset=utf-8 | Physiology 3120 Syllabus 2025–2026 Oct 31st UPDATED.pdf
302 https://plato.kalpkan.com/review 4.630586 | dl 200 text/calendar; charset=utf-8 | PP3000E Syllabus - Fall–Winter 2025–2026 - FINAL.pdf
302 https://plato.kalpkan.com/review 3.013509 | dl 200 text/calendar; charset=utf-8 | SE2205A-2024-25.pdf
302 https://plato.kalpkan.com/review 3.089376 | dl 200 text/calendar; charset=utf-8 | Updated-ECE-3349A_Outline_2023.pdf
